// Jest Snapshot v1, https://goo.gl/fbAQLP

exports[`app/shared-components/Filter should match snapshot should match snapshot 1`] = `
<Component
  active={true}
  button={null}
  className="makeStyles-item-2"
  data-testid="filter-"
  onOpen={[MockFunction]}
>
  <div
    className="makeStyles-filterListContainer-1"
    data-testid="filter-container-"
  >
    <ForwardRef(List)>
      <ForwardRef(TextField)
        autoFocus={true}
        className="makeStyles-searchField-3"
        label="Filter search"
        onChange={[Function]}
        value=""
      />
      <FilterItem
        checked={true}
        count={10}
        disabled={false}
        key="9x1EF20BD4D474D284ED257A1DAE235766F6EB3C2255BB0901832616UY-filterItem"
        label="2500C"
        onClick={[Function]}
        value="9x1EF20BD4D474D284ED257A1DAE235766F6EB3C2255BB0901832616UY"
      />
      <FilterItem
        checked={false}
        count={4}
        disabled={false}
        key="9x1EF20BD4D474D284ED257A1DAE235766F6EB3C2255BB0901832618B5-filterItem"
        label="1500C"
        onClick={[Function]}
        value="9x1EF20BD4D474D284ED257A1DAE235766F6EB3C2255BB0901832618B5"
      />
    </ForwardRef(List)>
  </div>
</Component>
`;
