// Jest Snapshot v1, https://goo.gl/fbAQLP

exports[`components/BaseRow should match snapshot 1`] = `
<div
  className="cursorPointer"
  data-testid="richtable-row-9x3C821DE9260469101EAEF912A3B3961A9E71B1D7037AF64F78DBE960"
>
  <div
    className="cursorPointer undefined"
    onClick={[MockFunction]}
    onKeyDown={[MockFunction]}
  >
    <div
      data-testid="cell-noteSubject"
      key="cell-noteSubject"
      style={
        Object {
          "display": "flex",
          "flex": "0 0 20px",
          "minWidth": "",
        }
      }
    >
      <BaseCell
        changedBy="alessio.conese@skycell.ch"
        className=""
        id="1"
        noteSubject="Logger Exchange"
        noteText="Internal: ffff477a6c5d"
        validDateTimestamp="28.12.2020 10:35:56 +0100"
      >
        Logger Exchange
      </BaseCell>
    </div>
    <div
      data-testid="cell-noteText"
      key="cell-noteText"
      style={
        Object {
          "minWidth": "",
        }
      }
    >
      <BaseCell
        changedBy="alessio.conese@skycell.ch"
        className=""
        id="1"
        noteSubject="Logger Exchange"
        noteText="Internal: ffff477a6c5d"
        validDateTimestamp="28.12.2020 10:35:56 +0100"
      >
        Internal: ffff477a6c5d
      </BaseCell>
    </div>
  </div>
</div>
`;
